pyinstaller : 199 INFO: PyInstaller: 6.18.0, contrib h
ooks: 2026.0
At line:1 char:1
+ pyinstaller --clean --noconfirm ssmaker_simple.spec 
> build_error.log ...
+ ~~~~~~~~~~~~~~~~~~~~~~~~~~~~~~~~~~~~~~~~~~~~~~~~~~~~
~~~~~~~~~~~~~~~~~
    + CategoryInfo          : NotSpecified: (199 INFO 
   : PyIns...b hooks: 2026.0:String) [], RemoteExcep  
  tion
    + FullyQualifiedErrorId : NativeCommandError
 
200 INFO: Python: 3.14.2
241 INFO: Platform: Windows-2022Server-10.0.20348-SP0
241 INFO: Python environment: C:\Users\Administrator\A
ppData\Local\Programs\Python\Python314
263 INFO: Removing temporary files and cleaning cache 
in C:\Users\Administrator\AppData\Local\pyinstaller
266 WARNING: collect_data_files - skipping data collec
tion for module 'rapidocr_onnxruntime' as it is not a 
package.
266 WARNING: collect_data_files - skipping data collec
tion for module 'faster_whisper' as it is not a packag
e.
267 WARNING: collect_data_files - skipping data collec
tion for module 'ctranslate2' as it is not a package.
8386 INFO: Module search paths (PYTHONPATH):
['C:\\Users\\Administrator\\AppData\\Local\\Programs\\
Python\\Python314\\Scripts\\pyinstaller.exe',
 'C:\\Users\\Administrator\\AppData\\Local\\Programs\\
Python\\Python314\\python314.zip',
 'C:\\Users\\Administrator\\AppData\\Local\\Programs\\
Python\\Python314\\DLLs',
 'C:\\Users\\Administrator\\AppData\\Local\\Programs\\
Python\\Python314\\Lib',
 'C:\\Users\\Administrator\\AppData\\Local\\Programs\\
Python\\Python314',
 'C:\\Users\\Administrator\\AppData\\Local\\Programs\\
Python\\Python314\\Lib\\site-packages',
 'C:\\Users\\Administrator\\AppData\\Local\\Programs\\
Python\\Python314\\Lib\\site-packages\\win32',
 'C:\\Users\\Administrator\\AppData\\Local\\Programs\\
Python\\Python314\\Lib\\site-packages\\win32\\lib',
 'C:\\Users\\Administrator\\AppData\\Local\\Programs\\
Python\\Python314\\Lib\\site-packages\\Pythonwin',
 'C:\\Users\\Administrator\\Desktop\\NewshoppingShorts
']
9169 INFO: Appending 'binaries' from .spec
9169 INFO: Appending 'datas' from .spec
9184 INFO: checking Analysis
9185 INFO: Building Analysis because Analysis-00.toc i
s non existent
9185 INFO: Looking for Python shared library...
9185 INFO: Using Python shared library: C:\Users\Admin
istrator\AppData\Local\Programs\Python\Python314\pytho
n314.dll
9185 INFO: Running Analysis Analysis-00.toc
9185 INFO: Target bytecode optimization level: 0
9185 INFO: Initializing module dependency graph...
9186 INFO: Initializing module graph hook caches...
9204 INFO: Analyzing modules for base_library.zip ...
10665 INFO: Processing standard module hook 'hook-heap
q.py' from 'C:\\Users\\Administrator\\AppData\\Local\\
Programs\\Python\\Python314\\Lib\\site-packages\\PyIns
taller\\hooks'
11602 INFO: Processing standard module hook 'hook-enco
dings.py' from 'C:\\Users\\Administrator\\AppData\\Loc
al\\Programs\\Python\\Python314\\Lib\\site-packages\\P
yInstaller\\hooks'
12312 INFO: Processing standard module hook 'hook-pick
le.py' from 'C:\\Users\\Administrator\\AppData\\Local\
\Programs\\Python\\Python314\\Lib\\site-packages\\PyIn
staller\\hooks'
12938 INFO: Processing standard module hook 'hook-diff
lib.py' from 'C:\\Users\\Administrator\\AppData\\Local
\\Programs\\Python\\Python314\\Lib\\site-packages\\PyI
nstaller\\hooks'
16663 INFO: Caching module dependency graph...
16715 INFO: Analyzing C:\Users\Administrator\Desktop\N
ewshoppingShorts\ssmaker.py
16724 INFO: Processing standard module hook 'hook-PyQt
6.py' from 'C:\\Users\\Administrator\\AppData\\Local\\
Programs\\Python\\Python314\\Lib\\site-packages\\PyIns
taller\\hooks'
18176 INFO: Processing standard module hook 'hook-PyQt
6.QtCore.py' from 'C:\\Users\\Administrator\\AppData\\
Local\\Programs\\Python\\Python314\\Lib\\site-packages
\\PyInstaller\\hooks'
21421 INFO: Processing standard module hook 'hook-PyQt
6.QtWidgets.py' from 'C:\\Users\\Administrator\\AppDat
a\\Local\\Programs\\Python\\Python314\\Lib\\site-packa
ges\\PyInstaller\\hooks'
24957 INFO: Processing standard module hook 'hook-PyQt
6.QtGui.py' from 'C:\\Users\\Administrator\\AppData\\L
ocal\\Programs\\Python\\Python314\\Lib\\site-packages\
\PyInstaller\\hooks'
40086 INFO: Processing standard module hook 'hook-sysc
onfig.py' from 'C:\\Users\\Administrator\\AppData\\Loc
al\\Programs\\Python\\Python314\\Lib\\site-packages\\P
yInstaller\\hooks'
40093 INFO: Processing standard module hook 'hook-_cty
pes.py' from 'C:\\Users\\Administrator\\AppData\\Local
\\Programs\\Python\\Python314\\Lib\\site-packages\\PyI
nstaller\\hooks'
40329 INFO: Processing standard module hook 'hook-cryp
tography.py' from 'C:\\Users\\Administrator\\AppData\\
Local\\Programs\\Python\\Python314\\Lib\\site-packages
\\_pyinstaller_hooks_contrib\\stdhooks'
41549 INFO: hook-cryptography: cryptography does not s
eem to be using dynamically linked OpenSSL.
41740 INFO: Processing standard module hook 'hook-plat
form.py' from 'C:\\Users\\Administrator\\AppData\\Loca
l\\Programs\\Python\\Python314\\Lib\\site-packages\\Py
Installer\\hooks'
41746 INFO: Processing standard module hook 'hook-PyQt
5.py' from 'C:\\Users\\Administrator\\AppData\\Local\\
Programs\\Python\\Python314\\Lib\\site-packages\\PyIns
taller\\hooks'
ERROR: Aborting build process due to attempt to collec
t multiple Qt bindings packages: attempting to run hoo
k for 'PyQt5', while hook for 'PyQt6' has already been
 run! PyInstaller does not support multiple Qt binding
s packages in a frozen application - either ensure tha
t the build environment has only one Qt bindings packa
ge installed, or exclude the extraneous bindings packa
ges via the module exclusion mechanism (--exclude comm
and-line option, or excludes list in the spec file).
============================================================
[Build] Starting build...
============================================================
[Build] RapidOCR data: included
[Build] Faster-Whisper data: included
[Build] CTranslate2 data: included
[Build] FFmpeg: C:\Users\Administrator\AppData\Local\Programs\Python\Python314\Lib\site-packages\imageio_ffmpeg\binaries\ffmpeg-win-x86_64-v7.1.exe
[Build WARNING] ONNX Runtime binaries not found
[Build] Collected submodules from google.genai
[Build] Collected submodules from anthropic
[Build] Collected submodules from httpx
[Build] Collected submodules from httpcore
[Build] Collected submodules from moviepy
[Build] Collected submodules from cv2
[Build] Collected submodules from numpy
[Build] Collected submodules from PIL
[Build] Unique properties: 21 datas, 1 binaries, 1440 imports
